Total Memory: 5.878456115722656
Free Memory: 0.598052978515625
Platform: win32
Uptime: 34.62900583333333
CPU Model: AMD Ryzen 5 3550H with Radeon Vega Mobile Gfx  

Total Memory: 5.878456115722656
Free Memory: 0.5612869262695312
Platform: win32
Uptime: 34.63039055555556
CPU Model: AMD Ryzen 5 3550H with Radeon Vega Mobile Gfx  

Total Memory: 5.878456115722656
Free Memory: 0.6445121765136719
Platform: win32
Uptime: 34.63178361111111
CPU Model: AMD Ryzen 5 3550H with Radeon Vega Mobile Gfx  

Total Memory: 5.878456115722656
Free Memory: 0.6071586608886719
Platform: win32
Uptime: 34.6331725
CPU Model: AMD Ryzen 5 3550H with Radeon Vega Mobile Gfx  

Total Memory: 5.878456115722656
Free Memory: 0.6059036254882812
Platform: win32
Uptime: 34.63456583333333
CPU Model: AMD Ryzen 5 3550H with Radeon Vega Mobile Gfx  

Total Memory: 5.878456115722656
Free Memory: 0.6052017211914062
Platform: win32
Uptime: 34.63595472222222
CPU Model: AMD Ryzen 5 3550H with Radeon Vega Mobile Gfx  

Total Memory: 5.878456115722656
Free Memory: 0.6255645751953125
Platform: win32
Uptime: 34.63734361111111
CPU Model: AMD Ryzen 5 3550H with Radeon Vega Mobile Gfx  

Total Memory: 5.878456115722656
Free Memory: 0.61163330078125
Platform: win32
Uptime: 34.638736944444446
CPU Model: AMD Ryzen 5 3550H with Radeon Vega Mobile Gfx  

