Total Memory: 5.878456115722656
Free Memory: 0.9380569458007812
Platform: win32
Uptime: 23.912556388888888
CPU Model: AMD Ryzen 5 3550H with Radeon Vega Mobile Gfx  

Total Memory: 5.878456115722656
Free Memory: 0.9170303344726562
Platform: win32
Uptime: 23.91394944444444
CPU Model: AMD Ryzen 5 3550H with Radeon Vega Mobile Gfx  

Total Memory: 5.878456115722656
Free Memory: 0.9053115844726562
Platform: win32
Uptime: 23.91533833333333
CPU Model: AMD Ryzen 5 3550H with Radeon Vega Mobile Gfx  

Total Memory: 5.878456115722656
Free Memory: 0.9173164367675781
Platform: win32
Uptime: 23.916731666666667
CPU Model: AMD Ryzen 5 3550H with Radeon Vega Mobile Gfx  

Total Memory: 5.878456115722656
Free Memory: 0.9895248413085938
Platform: win32
Uptime: 23.918120555555554
CPU Model: AMD Ryzen 5 3550H with Radeon Vega Mobile Gfx  

Total Memory: 5.878456115722656
Free Memory: 1.0371475219726562
Platform: win32
Uptime: 23.919509444444444
CPU Model: AMD Ryzen 5 3550H with Radeon Vega Mobile Gfx  

Total Memory: 5.878456115722656
Free Memory: 1.0363845825195312
Platform: win32
Uptime: 23.920898333333334
CPU Model: AMD Ryzen 5 3550H with Radeon Vega Mobile Gfx  

